2026-07-22 20:57:10.950 Uvicorn server started on 0.0.0.0:8501
2026-07-22 21:30:20.176 Uncaught app execution
Traceback (most recent call last):
  File "C:\Users\gmalb\Downloads\cricket\venv\Lib\site-packages\streamlit\runtime\scriptrunner\exec_code.py", line 129, in exec_func_with_error_handling
    result = func()
  File "C:\Users\gmalb\Downloads\cricket\venv\Lib\site-packages\streamlit\runtime\scriptrunner\script_runner.py", line 689, in code_to_exec
    exec(code, module.__dict__)  # noqa: S102
    ~~~~^^^^^^^^^^^^^^^^^^^^^^^
  File "C:\Users\gmalb\Downloads\cricket\predictions.py", line 117, in <module>
    "": [st.Page(status_page, title="Status", icon="\u25c9", default=True)],
         ~~~~~~~^^^^^^^^^^^^^^^^^^^^^^^^^^^^^^^^^^^^^^^^^^^^^^^^^^^^^
  File "C:\Users\gmalb\Downloads\cricket\venv\Lib\site-packages\streamlit\runtime\metrics_util.py", line 698, in wrapped_func
    result = non_optional_func(*args, **kwargs)
  File "C:\Users\gmalb\Downloads\cricket\venv\Lib\site-packages\streamlit\navigation\page.py", line 201, in Page
    return StreamlitPage(
        page,
    ...<4 lines>...
        visibility=visibility,
    )
  File "C:\Users\gmalb\Downloads\cricket\venv\Lib\site-packages\streamlit\navigation\page.py", line 362, in __init__
    validate_icon_or_emoji(icon)
    ~~~~~~~~~~~~~~~~~~~~~~^^^^^^
  File "C:\Users\gmalb\Downloads\cricket\venv\Lib\site-packages\streamlit\string_util.py", line 78, in validate_icon_or_emoji
    return validate_emoji(icon)
  File "C:\Users\gmalb\Downloads\cricket\venv\Lib\site-packages\streamlit\string_util.py", line 87, in validate_emoji
    raise StreamlitAPIException(
    ...<2 lines>...
    )
streamlit.errors.StreamlitAPIException: The value "\u25c9" is not a valid emoji. Shortcodes are not allowed, please use a single character instead.
2026-07-22 21:30:57.028 Uncaught app execution
Traceback (most recent call last):
  File "C:\Users\gmalb\Downloads\cricket\venv\Lib\site-packages\streamlit\runtime\scriptrunner\exec_code.py", line 129, in exec_func_with_error_handling
    result = func()
  File "C:\Users\gmalb\Downloads\cricket\venv\Lib\site-packages\streamlit\runtime\scriptrunner\script_runner.py", line 689, in code_to_exec
    exec(code, module.__dict__)  # noqa: S102
    ~~~~^^^^^^^^^^^^^^^^^^^^^^^
  File "C:\Users\gmalb\Downloads\cricket\predictions.py", line 115, in <module>
    pg = st.navigation(
        {
    ...<18 lines>...
        }
    )
  File "C:\Users\gmalb\Downloads\cricket\venv\Lib\site-packages\streamlit\runtime\metrics_util.py", line 698, in wrapped_func
    result = non_optional_func(*args, **kwargs)
  File "C:\Users\gmalb\Downloads\cricket\venv\Lib\site-packages\streamlit\commands\navigation.py", line 329, in navigation
    return _navigation(pages, position=position, expanded=expanded)
  File "C:\Users\gmalb\Downloads\cricket\venv\Lib\site-packages\streamlit\commands\navigation.py", line 393, in _navigation
    raise StreamlitAPIException(
    ...<3 lines>...
    )
streamlit.errors.StreamlitAPIException: Multiple Pages specified with URL pathname render. URL pathnames must be unique. The url pathname may be inferred from the filename, callable name, or title.
